ExpansionTraderIrena.Consumables|4002.502441 19.306683 3709.943604|84.357048 0.000000 -0.000000|Sweater_Green,Jeans_Grey,MilitaryBoots_Black,SurgicalGloves_White,BoarSteakMeat,BaseballCap_Olive,HH_Armband
ExpansionTraderPeter.BuildingSupplies|4018.125977 19.292410 3708.028076|-134.283569 0 -0|ConstructionHelmet_Orange,JumpsuitJacket_Gray,ReflexVest,Jeans_Black,HikingBoots_Black,WorkingGloves_Brown,ThickFramesGlasses,Hacksaw,HH_Armband
ExpansionTraderSeth.Weapons|4012.042969 19.292452 3693.678711|-14.665385 0.000000 0.000000|OMNOGloves_Gray,MilitaryBeret_CDF,PlateCarrierVest,TTsKOJacket_Camo,TTSKOPants,MilitaryBoots_Black,AliceBag_Camo,HH_Armband
ExpansionTraderTaiki.WeaponSupplies|4008.274902 19.294909 3692.577148|-14.128222 0 0|SportGlasses_Orange,BaseballCap_Camo,TacticalShirt_Olive,SmershVest,BDUPants,TTSKOBoots,AssaultBag_Ttsko,HH_Armband
ExpansionTraderFrida.SummerMilitaryClothing|4022.243896 19.292442 3698.664063|-3.350594 0 0|MVS_Facemask_Navycam,MVS_ArmoredHelmet_Navycam,MVS_ChestRig_Navycam,MVS_CombatPants_Navycam,MVS_CombatShirt_Navycam,MVS_Rucksack_Navycam,MilitaryBoots_Black,TacticalGloves_Black,MilitaryGear_GhillieGunWrap_PartizanM,HH_Armband
ExpansionTraderFrida.Clothing|4019.104980 19.292500 3697.952148|-9.258955 0 0|ThickFramesGlasses,WomanSuit_Black,SlacksPants_Black,DressShoes_Black,HH_Armband
ExpansionTraderKaito.Misc|4030.601074 19.367250 3706.494629|-150.083771 0 -0.000000|LeatherJacket_Beige,Jeans_Black,MilitaryBoots_Black,SurgicalGloves_White,SurgicalMask,HH_Armband
ExpansionTraderFrancis.Vehicles|4009.031982 20.271538 3728.283691|-105.350929 0 -0.000000|WorkingBoots_Brown,WorkingGloves_Brown,RidersJacket_Black,Jeans_Black,LugWrench,Wrench
