ExpansionTraderIrena.Consumables|7206.990234 252.99 6965.529785|-60 0.000000 -0.000000|TShirt_Green,Jeans_Grey,MilitaryBoots_Black,SurgicalGloves_White,BoarSteakMeat,BaseballCap_Olive,HH_Armband
ExpansionTraderPeter.BuildingSupplies|7193.720215 252.979996 6971.029785|0 0 0|ConstructionHelmet_Orange,JumpsuitJacket_Gray,ReflexVest,Jeans_Black,HikingBoots_Black,WorkingGloves_Brown,ThickFramesGlasses,Hacksaw,HH_Armband
ExpansionTraderSeth.Weapons|7205.169922 252.979996 6983.180176|182.000000 0.000000 0.000000|OMNOGloves_Gray,MilitaryBeret_CDF,PlateCarrierVest,TTsKOJacket_Camo,TTSKOPants,MilitaryBoots_Black,AliceBag_Camo,HH_Armband
ExpansionTraderTaiki.WeaponSupplies|7208.790039 252.979996 6982.830078|178 0 0|SportGlasses_Orange,BaseballCap_Camo,TacticalShirt_Olive,SmershVest,BDUPants,TTSKOBoots,AssaultBag_Ttsko,HH_Armband
ExpansionTraderFrida.SummerMilitaryClothing|7193.759766 252.979996 6982.129883|180 0 0|MVS_Facemask_Navycam,MVS_ArmoredHelmet_Navycam,MVS_ChestRig_Navycam,MVS_CombatPants_Navycam,MVS_CombatShirt_Navycam,MVS_Rucksack_Navycam,MilitaryBoots_Black,TacticalGloves_Black,MilitaryGear_GhillieGunWrap_PartizanM,HH_Armband
ExpansionTraderFrida.Clothing|7197.089844 252.979996 6981.649902|182 0 0|ThickFramesGlasses,WomanSuit_Black,SlacksPants_Black,DressShoes_Black,HH_Armband
ExpansionTraderKaiko.Misc|7183.540039 253.02 6978.450195|96 0 0|TShirt_Beige,Jeans_Black,MilitaryBoots_Black,SurgicalGloves_White,SurgicalMask,HH_Armband
ExpansionTraderFrancis.Vehicles|7230.839844 253.300003 6966.310059|207 0 0|WorkingBoots_Brown,WorkingGloves_Brown,RidersJacket_Black,Jeans_Black,LugWrench,Wrench
